0 verbose cli /usr/local/bin/node /usr/local/bin/npm
1 info using npm@11.6.2
2 info using node@v24.12.0
3 silly config load:file:/usr/local/lib/node_modules/npm/npmrc
4 silly config load:file:/Users/evangeline.bangsil/Desktop/All projects/software projects/real projects/library/The-Animus-Library/.npmrc
5 silly config load:file:/Users/evangeline.bangsil/.npmrc
6 silly config load:file:/usr/local/etc/npmrc
7 verbose title npm install
8 verbose argv "install" "--cache" "/Users/evangeline.bangsil/Desktop/All projects/software projects/real projects/library/The-Animus-Library/.npm-cache"
9 verbose logfile logs-max:10 dir:/Users/evangeline.bangsil/Desktop/All projects/software projects/real projects/library/The-Animus-Library/.npm-cache/_logs/2026-06-15T00_36_44_050Z-
10 verbose logfile /Users/evangeline.bangsil/Desktop/All projects/software projects/real projects/library/The-Animus-Library/.npm-cache/_logs/2026-06-15T00_36_44_050Z-debug-0.log
11 silly logfile done cleaning log files
12 silly packumentCache heap:4496293888 maxSize:1124073472 maxEntrySize:562036736
13 silly idealTree buildDeps
14 silly fetch manifest gsap@^3.12.5
15 silly packumentCache full:https://registry.npmjs.org/gsap cache-miss
16 http fetch GET 200 https://registry.npmjs.org/gsap 82ms (cache miss)
17 silly packumentCache full:https://registry.npmjs.org/gsap set size:undefined disposed:false
18 silly fetch manifest three@^0.160.0
19 silly packumentCache full:https://registry.npmjs.org/three cache-miss
20 http fetch GET 200 https://registry.npmjs.org/npm 168ms
21 http fetch GET 200 https://registry.npmjs.org/three 62ms (cache miss)
22 silly packumentCache full:https://registry.npmjs.org/three set size:undefined disposed:false
23 silly fetch manifest @types/three@^0.160.0
24 silly packumentCache full:https://registry.npmjs.org/@types%2fthree cache-miss
25 http fetch GET 200 https://registry.npmjs.org/@types%2fthree 57ms (cache miss)
26 silly packumentCache full:https://registry.npmjs.org/@types%2fthree set size:undefined disposed:false
27 silly fetch manifest typescript@^5.4.5
28 silly packumentCache full:https://registry.npmjs.org/typescript cache-miss
29 http fetch GET 200 https://registry.npmjs.org/typescript 303ms (cache miss)
30 silly packumentCache full:https://registry.npmjs.org/typescript set size:undefined disposed:false
31 silly fetch manifest vite@^5.2.11
32 silly packumentCache full:https://registry.npmjs.org/vite cache-miss
33 http fetch GET 200 https://registry.npmjs.org/vite 1226ms (cache miss)
34 silly packumentCache full:https://registry.npmjs.org/vite set size:undefined disposed:false
35 silly fetch manifest @types/node@^18.0.0 || >=20.0.0
36 silly packumentCache full:https://registry.npmjs.org/@types%2fnode cache-miss
37 http fetch GET 200 https://registry.npmjs.org/@types%2fnode 208ms (cache miss)
38 silly packumentCache full:https://registry.npmjs.org/@types%2fnode set size:undefined disposed:false
39 silly fetch manifest less@*
40 silly packumentCache full:https://registry.npmjs.org/less cache-miss
41 http fetch GET 200 https://registry.npmjs.org/less 46ms (cache miss)
42 silly packumentCache full:https://registry.npmjs.org/less set size:undefined disposed:false
43 silly fetch manifest lightningcss@^1.21.0
44 silly packumentCache full:https://registry.npmjs.org/lightningcss cache-miss
45 http fetch GET 200 https://registry.npmjs.org/lightningcss 33ms (cache miss)
46 silly packumentCache full:https://registry.npmjs.org/lightningcss set size:undefined disposed:false
47 silly fetch manifest sass@*
48 silly packumentCache full:https://registry.npmjs.org/sass cache-miss
49 http fetch GET 200 https://registry.npmjs.org/sass 47ms (cache miss)
50 silly packumentCache full:https://registry.npmjs.org/sass set size:undefined disposed:false
51 silly fetch manifest sass-embedded@*
52 silly packumentCache full:https://registry.npmjs.org/sass-embedded cache-miss
53 http fetch GET 200 https://registry.npmjs.org/sass-embedded 42ms (cache miss)
54 silly packumentCache full:https://registry.npmjs.org/sass-embedded set size:undefined disposed:false
55 silly fetch manifest stylus@*
56 silly packumentCache full:https://registry.npmjs.org/stylus cache-miss
57 http fetch GET 200 https://registry.npmjs.org/stylus 38ms (cache miss)
58 silly packumentCache full:https://registry.npmjs.org/stylus set size:undefined disposed:false
59 silly fetch manifest sugarss@*
60 silly packumentCache full:https://registry.npmjs.org/sugarss cache-miss
61 http fetch GET 200 https://registry.npmjs.org/sugarss 28ms (cache miss)
62 silly packumentCache full:https://registry.npmjs.org/sugarss set size:undefined disposed:false
63 silly fetch manifest postcss@^8.3.3
64 silly packumentCache full:https://registry.npmjs.org/postcss cache-miss
65 http fetch GET 200 https://registry.npmjs.org/postcss 47ms (cache miss)
66 silly packumentCache full:https://registry.npmjs.org/postcss set size:undefined disposed:false
67 silly fetch manifest terser@^5.4.0
68 silly packumentCache full:https://registry.npmjs.org/terser cache-miss
69 http fetch GET 200 https://registry.npmjs.org/terser 138ms (cache miss)
70 silly packumentCache full:https://registry.npmjs.org/terser set size:undefined disposed:false
71 silly placeDep ROOT @types/three@0.160.0 OK for: animus@0.0.0 want: ^0.160.0
72 silly placeDep ROOT gsap@3.15.0 OK for: animus@0.0.0 want: ^3.12.5
73 silly placeDep ROOT three@0.160.1 OK for: animus@0.0.0 want: ^0.160.0
74 silly placeDep ROOT typescript@5.9.3 OK for: animus@0.0.0 want: ^5.4.5
75 silly placeDep ROOT vite@5.4.21 OK for: animus@0.0.0 want: ^5.2.11
76 silly fetch manifest fflate@~0.6.10
77 silly packumentCache full:https://registry.npmjs.org/fflate cache-miss
78 silly fetch manifest @types/webxr@*
79 silly packumentCache full:https://registry.npmjs.org/@types%2fwebxr cache-miss
80 silly fetch manifest meshoptimizer@~0.18.1
81 silly packumentCache full:https://registry.npmjs.org/meshoptimizer cache-miss
82 silly fetch manifest @types/stats.js@*
83 silly packumentCache full:https://registry.npmjs.org/@types%2fstats.js cache-miss
84 silly fetch manifest rollup@^4.20.0
85 silly packumentCache full:https://registry.npmjs.org/rollup cache-miss
86 silly fetch manifest esbuild@^0.21.3
87 silly packumentCache full:https://registry.npmjs.org/esbuild cache-miss
88 silly fetch manifest postcss@^8.4.43
89 silly packumentCache full:https://registry.npmjs.org/postcss cache-miss
90 silly fetch manifest fsevents@~2.3.3
91 silly packumentCache full:https://registry.npmjs.org/fsevents cache-miss
92 http cache https://registry.npmjs.org/postcss 10ms (cache hit)
93 silly packumentCache full:https://registry.npmjs.org/postcss set size:723316 disposed:false
94 http fetch GET 200 https://registry.npmjs.org/fflate 38ms (cache miss)
95 silly packumentCache full:https://registry.npmjs.org/fflate set size:undefined disposed:false
96 http fetch GET 200 https://registry.npmjs.org/@types%2fwebxr 45ms (cache miss)
97 silly packumentCache full:https://registry.npmjs.org/@types%2fwebxr set size:undefined disposed:false
98 http fetch GET 200 https://registry.npmjs.org/fsevents 77ms (cache miss)
99 silly packumentCache full:https://registry.npmjs.org/fsevents set size:undefined disposed:false
100 http fetch GET 200 https://registry.npmjs.org/meshoptimizer 91ms (cache miss)
101 silly packumentCache full:https://registry.npmjs.org/meshoptimizer set size:undefined disposed:false
102 http fetch GET 200 https://registry.npmjs.org/@types%2fstats.js 103ms (cache miss)
103 silly packumentCache full:https://registry.npmjs.org/@types%2fstats.js set size:undefined disposed:false
104 http fetch GET 200 https://registry.npmjs.org/esbuild 133ms (cache miss)
105 silly packumentCache full:https://registry.npmjs.org/esbuild set size:undefined disposed:false
106 http fetch GET 200 https://registry.npmjs.org/rollup 198ms (cache miss)
107 silly packumentCache full:https://registry.npmjs.org/rollup set size:undefined disposed:false
108 silly placeDep ROOT @types/stats.js@0.17.4 OK for: @types/three@0.160.0 want: *
109 silly placeDep ROOT @types/webxr@0.5.24 OK for: @types/three@0.160.0 want: *
110 silly placeDep ROOT fflate@0.6.10 OK for: @types/three@0.160.0 want: ~0.6.10
111 silly placeDep ROOT meshoptimizer@0.18.1 OK for: @types/three@0.160.0 want: ~0.18.1
112 silly placeDep ROOT esbuild@0.21.5 OK for: vite@5.4.21 want: ^0.21.3
113 silly placeDep ROOT fsevents@2.3.3 OK for: vite@5.4.21 want: ~2.3.3
114 silly placeDep ROOT postcss@8.5.15 OK for: vite@5.4.21 want: ^8.4.43
115 silly placeDep ROOT rollup@4.62.0 OK for: vite@5.4.21 want: ^4.20.0
116 silly fetch manifest @esbuild/aix-ppc64@0.21.5
117 silly packumentCache full:https://registry.npmjs.org/@esbuild%2faix-ppc64 cache-miss
118 silly fetch manifest @esbuild/linux-arm@0.21.5
119 silly packumentCache full:https://registry.npmjs.org/@esbuild%2flinux-arm cache-miss
120 silly fetch manifest @esbuild/linux-x64@0.21.5
121 silly packumentCache full:https://registry.npmjs.org/@esbuild%2flinux-x64 cache-miss
122 silly fetch manifest @esbuild/sunos-x64@0.21.5
123 silly packumentCache full:https://registry.npmjs.org/@esbuild%2fsunos-x64 cache-miss
124 silly fetch manifest @esbuild/win32-x64@0.21.5
125 silly packumentCache full:https://registry.npmjs.org/@esbuild%2fwin32-x64 cache-miss
126 silly fetch manifest @esbuild/darwin-x64@0.21.5
127 silly packumentCache full:https://registry.npmjs.org/@esbuild%2fdarwin-x64 cache-miss
128 silly fetch manifest @esbuild/linux-ia32@0.21.5
129 silly packumentCache full:https://registry.npmjs.org/@esbuild%2flinux-ia32 cache-miss
130 silly fetch manifest @esbuild/netbsd-x64@0.21.5
131 silly packumentCache full:https://registry.npmjs.org/@esbuild%2fnetbsd-x64 cache-miss
132 silly fetch manifest @esbuild/win32-ia32@0.21.5
133 silly packumentCache full:https://registry.npmjs.org/@esbuild%2fwin32-ia32 cache-miss
134 silly fetch manifest @esbuild/android-arm@0.21.5
135 silly packumentCache full:https://registry.npmjs.org/@esbuild%2fandroid-arm cache-miss
136 silly fetch manifest @esbuild/android-x64@0.21.5
137 silly packumentCache full:https://registry.npmjs.org/@esbuild%2fandroid-x64 cache-miss
138 silly fetch manifest @esbuild/freebsd-x64@0.21.5
139 silly packumentCache full:https://registry.npmjs.org/@esbuild%2ffreebsd-x64 cache-miss
140 silly fetch manifest @esbuild/linux-arm64@0.21.5
141 silly packumentCache full:https://registry.npmjs.org/@esbuild%2flinux-arm64 cache-miss
142 http fetch GET 200 https://registry.npmjs.org/@esbuild%2faix-ppc64 58ms (cache miss)
143 silly packumentCache full:https://registry.npmjs.org/@esbuild%2faix-ppc64 set size:undefined disposed:false
144 silly fetch manifest @esbuild/linux-ppc64@0.21.5
145 silly packumentCache full:https://registry.npmjs.org/@esbuild%2flinux-ppc64 cache-miss
146 http fetch GET 200 https://registry.npmjs.org/@esbuild%2flinux-arm 60ms (cache miss)
147 silly packumentCache full:https://registry.npmjs.org/@esbuild%2flinux-arm set size:undefined disposed:false
148 silly fetch manifest @esbuild/linux-s390x@0.21.5
149 silly packumentCache full:https://registry.npmjs.org/@esbuild%2flinux-s390x cache-miss
150 http fetch GET 200 https://registry.npmjs.org/@esbuild%2flinux-x64 63ms (cache miss)
151 silly packumentCache full:https://registry.npmjs.org/@esbuild%2flinux-x64 set size:undefined disposed:false
152 silly fetch manifest @esbuild/openbsd-x64@0.21.5
153 silly packumentCache full:https://registry.npmjs.org/@esbuild%2fopenbsd-x64 cache-miss
154 http fetch GET 200 https://registry.npmjs.org/@esbuild%2fdarwin-x64 65ms (cache miss)
155 silly packumentCache full:https://registry.npmjs.org/@esbuild%2fdarwin-x64 set size:undefined disposed:false
156 silly fetch manifest @esbuild/win32-arm64@0.21.5
157 silly packumentCache full:https://registry.npmjs.org/@esbuild%2fwin32-arm64 cache-miss
158 http fetch GET 200 https://registry.npmjs.org/@esbuild%2flinux-ia32 79ms (cache miss)
159 silly packumentCache full:https://registry.npmjs.org/@esbuild%2flinux-ia32 set size:undefined disposed:false
160 silly fetch manifest @esbuild/darwin-arm64@0.21.5
161 silly packumentCache full:https://registry.npmjs.org/@esbuild%2fdarwin-arm64 cache-miss
162 http fetch GET 200 https://registry.npmjs.org/@esbuild%2fsunos-x64 82ms (cache miss)
163 silly packumentCache full:https://registry.npmjs.org/@esbuild%2fsunos-x64 set size:undefined disposed:false
164 silly fetch manifest @esbuild/android-arm64@0.21.5
165 silly packumentCache full:https://registry.npmjs.org/@esbuild%2fandroid-arm64 cache-miss
166 http fetch GET 200 https://registry.npmjs.org/@esbuild%2fwin32-x64 86ms (cache miss)
167 silly packumentCache full:https://registry.npmjs.org/@esbuild%2fwin32-x64 set size:undefined disposed:false
168 silly fetch manifest @esbuild/freebsd-arm64@0.21.5
169 silly packumentCache full:https://registry.npmjs.org/@esbuild%2ffreebsd-arm64 cache-miss
170 http fetch GET 200 https://registry.npmjs.org/@esbuild%2ffreebsd-x64 92ms (cache miss)
171 silly packumentCache full:https://registry.npmjs.org/@esbuild%2ffreebsd-x64 set size:undefined disposed:false
172 silly fetch manifest @esbuild/linux-loong64@0.21.5
173 silly packumentCache full:https://registry.npmjs.org/@esbuild%2flinux-loong64 cache-miss
174 http fetch GET 200 https://registry.npmjs.org/@esbuild%2fnetbsd-x64 95ms (cache miss)
175 silly packumentCache full:https://registry.npmjs.org/@esbuild%2fnetbsd-x64 set size:undefined disposed:false
176 silly fetch manifest @esbuild/linux-riscv64@0.21.5
177 silly packumentCache full:https://registry.npmjs.org/@esbuild%2flinux-riscv64 cache-miss
178 http fetch GET 200 https://registry.npmjs.org/@esbuild%2fwin32-ia32 97ms (cache miss)
179 silly packumentCache full:https://registry.npmjs.org/@esbuild%2fwin32-ia32 set size:undefined disposed:false
180 silly fetch manifest @esbuild/linux-mips64el@0.21.5
181 silly packumentCache full:https://registry.npmjs.org/@esbuild%2flinux-mips64el cache-miss
182 http fetch GET 200 https://registry.npmjs.org/@esbuild%2flinux-s390x 45ms (cache miss)
183 silly packumentCache full:https://registry.npmjs.org/@esbuild%2flinux-s390x set size:undefined disposed:false
184 silly fetch manifest nanoid@^3.3.12
185 silly packumentCache full:https://registry.npmjs.org/nanoid cache-miss
186 http fetch GET 200 https://registry.npmjs.org/@esbuild%2fandroid-arm 111ms (cache miss)
187 silly packumentCache full:https://registry.npmjs.org/@esbuild%2fandroid-arm set size:undefined disposed:false
188 silly fetch manifest picocolors@^1.1.1
189 silly packumentCache full:https://registry.npmjs.org/picocolors cache-miss
190 http fetch GET 200 https://registry.npmjs.org/@esbuild%2fopenbsd-x64 50ms (cache miss)
191 silly packumentCache full:https://registry.npmjs.org/@esbuild%2fopenbsd-x64 set size:undefined disposed:false
192 silly fetch manifest source-map-js@^1.2.1
193 silly packumentCache full:https://registry.npmjs.org/source-map-js cache-miss
194 http fetch GET 200 https://registry.npmjs.org/@esbuild%2flinux-ppc64 57ms (cache miss)
195 silly packumentCache full:https://registry.npmjs.org/@esbuild%2flinux-ppc64 set size:undefined disposed:false
196 silly fetch manifest @types/estree@1.0.9
197 silly packumentCache full:https://registry.npmjs.org/@types%2festree cache-miss
198 http fetch GET 200 https://registry.npmjs.org/@esbuild%2fwin32-arm64 53ms (cache miss)
199 silly packumentCache full:https://registry.npmjs.org/@esbuild%2fwin32-arm64 set size:undefined disposed:false
200 silly fetch manifest @rollup/rollup-darwin-arm64@4.62.0
201 silly packumentCache full:https://registry.npmjs.org/@rollup%2frollup-darwin-arm64 cache-miss
202 http fetch GET 200 https://registry.npmjs.org/@esbuild%2flinux-arm64 147ms (cache miss)
203 silly packumentCache full:https://registry.npmjs.org/@esbuild%2flinux-arm64 set size:undefined disposed:false
204 silly fetch manifest @rollup/rollup-android-arm64@4.62.0
205 silly packumentCache full:https://registry.npmjs.org/@rollup%2frollup-android-arm64 cache-miss
206 http fetch GET 200 https://registry.npmjs.org/picocolors 37ms (cache miss)
207 silly packumentCache full:https://registry.npmjs.org/picocolors set size:undefined disposed:false
208 silly fetch manifest @rollup/rollup-win32-arm64-msvc@4.62.0
209 silly packumentCache full:https://registry.npmjs.org/@rollup%2frollup-win32-arm64-msvc cache-miss
210 http fetch GET 200 https://registry.npmjs.org/@esbuild%2fdarwin-arm64 71ms (cache miss)
211 silly packumentCache full:https://registry.npmjs.org/@esbuild%2fdarwin-arm64 set size:undefined disposed:false
212 silly fetch manifest @rollup/rollup-freebsd-arm64@4.62.0
213 silly packumentCache full:https://registry.npmjs.org/@rollup%2frollup-freebsd-arm64 cache-miss
214 http fetch GET 200 https://registry.npmjs.org/@esbuild%2flinux-mips64el 55ms (cache miss)
215 silly packumentCache full:https://registry.npmjs.org/@esbuild%2flinux-mips64el set size:undefined disposed:false
216 silly fetch manifest @rollup/rollup-linux-arm64-gnu@4.62.0
217 silly packumentCache full:https://registry.npmjs.org/@rollup%2frollup-linux-arm64-gnu cache-miss
218 http fetch GET 200 https://registry.npmjs.org/source-map-js 40ms (cache miss)
219 silly packumentCache full:https://registry.npmjs.org/source-map-js set size:undefined disposed:false
220 silly fetch manifest @rollup/rollup-linux-arm64-musl@4.62.0
221 silly packumentCache full:https://registry.npmjs.org/@rollup%2frollup-linux-arm64-musl cache-miss
222 http fetch GET 200 https://registry.npmjs.org/nanoid 50ms (cache miss)
223 silly packumentCache full:https://registry.npmjs.org/nanoid set size:undefined disposed:false
224 silly fetch manifest @rollup/rollup-android-arm-eabi@4.62.0
225 silly packumentCache full:https://registry.npmjs.org/@rollup%2frollup-android-arm-eabi cache-miss
226 http fetch GET 200 https://registry.npmjs.org/@esbuild%2flinux-loong64 66ms (cache miss)
227 silly packumentCache full:https://registry.npmjs.org/@esbuild%2flinux-loong64 set size:undefined disposed:false
228 silly fetch manifest @rollup/rollup-linux-arm-gnueabihf@4.62.0
229 silly packumentCache full:https://registry.npmjs.org/@rollup%2frollup-linux-arm-gnueabihf cache-miss
230 http fetch GET 200 https://registry.npmjs.org/@esbuild%2fandroid-x64 163ms (cache miss)
231 silly packumentCache full:https://registry.npmjs.org/@esbuild%2fandroid-x64 set size:undefined disposed:false
232 silly fetch manifest @rollup/rollup-linux-arm-musleabihf@4.62.0
233 silly packumentCache full:https://registry.npmjs.org/@rollup%2frollup-linux-arm-musleabihf cache-miss
234 http fetch GET 200 https://registry.npmjs.org/@esbuild%2flinux-riscv64 70ms (cache miss)
235 silly packumentCache full:https://registry.npmjs.org/@esbuild%2flinux-riscv64 set size:undefined disposed:false
236 silly fetch manifest @rollup/rollup-win32-ia32-msvc@4.62.0
237 silly packumentCache full:https://registry.npmjs.org/@rollup%2frollup-win32-ia32-msvc cache-miss
238 http fetch GET 200 https://registry.npmjs.org/@types%2festree 51ms (cache miss)
239 silly packumentCache full:https://registry.npmjs.org/@types%2festree set size:undefined disposed:false
240 silly fetch manifest @rollup/rollup-linux-loong64-gnu@4.62.0
241 silly packumentCache full:https://registry.npmjs.org/@rollup%2frollup-linux-loong64-gnu cache-miss
242 http fetch GET 200 https://registry.npmjs.org/@esbuild%2ffreebsd-arm64 82ms (cache miss)
243 silly packumentCache full:https://registry.npmjs.org/@esbuild%2ffreebsd-arm64 set size:undefined disposed:false
244 silly fetch manifest @rollup/rollup-linux-loong64-musl@4.62.0
245 silly packumentCache full:https://registry.npmjs.org/@rollup%2frollup-linux-loong64-musl cache-miss
246 http fetch GET 200 https://registry.npmjs.org/@esbuild%2fandroid-arm64 89ms (cache miss)
247 silly packumentCache full:https://registry.npmjs.org/@esbuild%2fandroid-arm64 set size:undefined disposed:false
248 silly fetch manifest @rollup/rollup-linux-riscv64-gnu@4.62.0
249 silly packumentCache full:https://registry.npmjs.org/@rollup%2frollup-linux-riscv64-gnu cache-miss
250 http fetch GET 200 https://registry.npmjs.org/@rollup%2frollup-darwin-arm64 76ms (cache miss)
251 silly packumentCache full:https://registry.npmjs.org/@rollup%2frollup-darwin-arm64 set size:undefined disposed:false
252 silly fetch manifest @rollup/rollup-linux-riscv64-musl@4.62.0
253 silly packumentCache full:https://registry.npmjs.org/@rollup%2frollup-linux-riscv64-musl cache-miss
254 http fetch GET 200 https://registry.npmjs.org/@rollup%2frollup-linux-loong64-musl 137ms (cache miss)
255 silly packumentCache full:https://registry.npmjs.org/@rollup%2frollup-linux-loong64-musl set size:undefined disposed:false
256 silly fetch manifest @rollup/rollup-linux-ppc64-gnu@4.62.0
257 silly packumentCache full:https://registry.npmjs.org/@rollup%2frollup-linux-ppc64-gnu cache-miss
258 http fetch GET 200 https://registry.npmjs.org/@rollup%2frollup-linux-loong64-gnu 140ms (cache miss)
259 silly packumentCache full:https://registry.npmjs.org/@rollup%2frollup-linux-loong64-gnu set size:undefined disposed:false
260 silly fetch manifest @rollup/rollup-linux-ppc64-musl@4.62.0
261 silly packumentCache full:https://registry.npmjs.org/@rollup%2frollup-linux-ppc64-musl cache-miss
262 http fetch GET 200 https://registry.npmjs.org/@rollup%2frollup-freebsd-arm64 159ms (cache miss)
263 silly packumentCache full:https://registry.npmjs.org/@rollup%2frollup-freebsd-arm64 set size:undefined disposed:false
264 silly fetch manifest @rollup/rollup-linux-s390x-gnu@4.62.0
265 silly packumentCache full:https://registry.npmjs.org/@rollup%2frollup-linux-s390x-gnu cache-miss
266 http fetch GET 200 https://registry.npmjs.org/@rollup%2frollup-linux-arm64-gnu 159ms (cache miss)
267 silly packumentCache full:https://registry.npmjs.org/@rollup%2frollup-linux-arm64-gnu set size:undefined disposed:false
268 silly fetch manifest @rollup/rollup-darwin-x64@4.62.0
269 silly packumentCache full:https://registry.npmjs.org/@rollup%2frollup-darwin-x64 cache-miss
270 http fetch GET 200 https://registry.npmjs.org/@rollup%2frollup-linux-arm-musleabihf 150ms (cache miss)
271 silly packumentCache full:https://registry.npmjs.org/@rollup%2frollup-linux-arm-musleabihf set size:undefined disposed:false
272 silly fetch manifest @rollup/rollup-win32-x64-gnu@4.62.0
273 silly packumentCache full:https://registry.npmjs.org/@rollup%2frollup-win32-x64-gnu cache-miss
274 http fetch GET 200 https://registry.npmjs.org/@rollup%2frollup-linux-arm64-musl 160ms (cache miss)
275 silly packumentCache full:https://registry.npmjs.org/@rollup%2frollup-linux-arm64-musl set size:undefined disposed:false
276 silly fetch manifest @rollup/rollup-win32-x64-msvc@4.62.0
277 silly packumentCache full:https://registry.npmjs.org/@rollup%2frollup-win32-x64-msvc cache-miss
278 http fetch GET 200 https://registry.npmjs.org/@rollup%2frollup-linux-riscv64-gnu 146ms (cache miss)
279 silly packumentCache full:https://registry.npmjs.org/@rollup%2frollup-linux-riscv64-gnu set size:undefined disposed:false
280 silly fetch manifest @rollup/rollup-freebsd-x64@4.62.0
281 silly packumentCache full:https://registry.npmjs.org/@rollup%2frollup-freebsd-x64 cache-miss
282 http fetch GET 200 https://registry.npmjs.org/@rollup%2frollup-linux-arm-gnueabihf 158ms (cache miss)
283 silly packumentCache full:https://registry.npmjs.org/@rollup%2frollup-linux-arm-gnueabihf set size:undefined disposed:false
284 silly fetch manifest @rollup/rollup-linux-x64-gnu@4.62.0
285 silly packumentCache full:https://registry.npmjs.org/@rollup%2frollup-linux-x64-gnu cache-miss
286 http fetch GET 200 https://registry.npmjs.org/@rollup%2frollup-android-arm-eabi 161ms (cache miss)
287 silly packumentCache full:https://registry.npmjs.org/@rollup%2frollup-android-arm-eabi set size:undefined disposed:false
288 silly fetch manifest @rollup/rollup-linux-x64-musl@4.62.0
289 silly packumentCache full:https://registry.npmjs.org/@rollup%2frollup-linux-x64-musl cache-miss
290 http fetch GET 200 https://registry.npmjs.org/@rollup%2frollup-android-arm64 172ms (cache miss)
291 silly packumentCache full:https://registry.npmjs.org/@rollup%2frollup-android-arm64 set size:undefined disposed:false
292 silly fetch manifest @rollup/rollup-openbsd-x64@4.62.0
293 silly packumentCache full:https://registry.npmjs.org/@rollup%2frollup-openbsd-x64 cache-miss
294 http fetch GET 200 https://registry.npmjs.org/@rollup%2frollup-win32-arm64-msvc 173ms (cache miss)
295 silly packumentCache full:https://registry.npmjs.org/@rollup%2frollup-win32-arm64-msvc set size:undefined disposed:false
296 silly fetch manifest @rollup/rollup-openharmony-arm64@4.62.0
297 silly packumentCache full:https://registry.npmjs.org/@rollup%2frollup-openharmony-arm64 cache-miss
298 http fetch GET 200 https://registry.npmjs.org/@rollup%2frollup-win32-ia32-msvc 157ms (cache miss)
299 silly packumentCache full:https://registry.npmjs.org/@rollup%2frollup-win32-ia32-msvc set size:undefined disposed:false
300 http fetch GET 200 https://registry.npmjs.org/@rollup%2frollup-linux-riscv64-musl 140ms (cache miss)
301 silly packumentCache full:https://registry.npmjs.org/@rollup%2frollup-linux-riscv64-musl set size:undefined disposed:false
302 http fetch GET 200 https://registry.npmjs.org/@rollup%2frollup-linux-ppc64-musl 39ms (cache miss)
303 silly packumentCache full:https://registry.npmjs.org/@rollup%2frollup-linux-ppc64-musl set size:undefined disposed:false
304 http fetch GET 200 https://registry.npmjs.org/@rollup%2frollup-linux-ppc64-gnu 61ms (cache miss)
305 silly packumentCache full:https://registry.npmjs.org/@rollup%2frollup-linux-ppc64-gnu set size:undefined disposed:false
306 http fetch GET 200 https://registry.npmjs.org/@rollup%2frollup-win32-x64-gnu 52ms (cache miss)
307 silly packumentCache full:https://registry.npmjs.org/@rollup%2frollup-win32-x64-gnu set size:undefined disposed:false
308 http fetch GET 200 https://registry.npmjs.org/@rollup%2frollup-darwin-x64 55ms (cache miss)
309 silly packumentCache full:https://registry.npmjs.org/@rollup%2frollup-darwin-x64 set size:undefined disposed:false
310 http fetch GET 200 https://registry.npmjs.org/@rollup%2frollup-freebsd-x64 53ms (cache miss)
311 silly packumentCache full:https://registry.npmjs.org/@rollup%2frollup-freebsd-x64 set size:undefined disposed:false
312 http fetch GET 200 https://registry.npmjs.org/@rollup%2frollup-win32-x64-msvc 56ms (cache miss)
313 silly packumentCache full:https://registry.npmjs.org/@rollup%2frollup-win32-x64-msvc set size:undefined disposed:false
314 http fetch GET 200 https://registry.npmjs.org/@rollup%2frollup-linux-x64-gnu 62ms (cache miss)
315 silly packumentCache full:https://registry.npmjs.org/@rollup%2frollup-linux-x64-gnu set size:undefined disposed:false
316 http fetch GET 200 https://registry.npmjs.org/@rollup%2frollup-openharmony-arm64 60ms (cache miss)
317 silly packumentCache full:https://registry.npmjs.org/@rollup%2frollup-openharmony-arm64 set size:undefined disposed:false
318 http fetch GET 200 https://registry.npmjs.org/@rollup%2frollup-linux-s390x-gnu 74ms (cache miss)
319 silly packumentCache full:https://registry.npmjs.org/@rollup%2frollup-linux-s390x-gnu set size:undefined disposed:false
320 http fetch GET 200 https://registry.npmjs.org/@rollup%2frollup-openbsd-x64 67ms (cache miss)
321 silly packumentCache full:https://registry.npmjs.org/@rollup%2frollup-openbsd-x64 set size:undefined disposed:false
322 http fetch GET 200 https://registry.npmjs.org/@rollup%2frollup-linux-x64-musl 77ms (cache miss)
323 silly packumentCache full:https://registry.npmjs.org/@rollup%2frollup-linux-x64-musl set size:undefined disposed:false
324 silly placeDep ROOT @esbuild/aix-ppc64@0.21.5 OK for: esbuild@0.21.5 want: 0.21.5
325 silly placeDep ROOT @esbuild/android-arm@0.21.5 OK for: esbuild@0.21.5 want: 0.21.5
326 silly placeDep ROOT @esbuild/android-arm64@0.21.5 OK for: esbuild@0.21.5 want: 0.21.5
327 silly placeDep ROOT @esbuild/android-x64@0.21.5 OK for: esbuild@0.21.5 want: 0.21.5
328 silly placeDep ROOT @esbuild/darwin-arm64@0.21.5 OK for: esbuild@0.21.5 want: 0.21.5
329 silly placeDep ROOT @esbuild/darwin-x64@0.21.5 OK for: esbuild@0.21.5 want: 0.21.5
330 silly placeDep ROOT @esbuild/freebsd-arm64@0.21.5 OK for: esbuild@0.21.5 want: 0.21.5
331 silly placeDep ROOT @esbuild/freebsd-x64@0.21.5 OK for: esbuild@0.21.5 want: 0.21.5
332 silly placeDep ROOT @esbuild/linux-arm@0.21.5 OK for: esbuild@0.21.5 want: 0.21.5
333 silly placeDep ROOT @esbuild/linux-arm64@0.21.5 OK for: esbuild@0.21.5 want: 0.21.5
334 silly placeDep ROOT @esbuild/linux-ia32@0.21.5 OK for: esbuild@0.21.5 want: 0.21.5
335 silly placeDep ROOT @esbuild/linux-loong64@0.21.5 OK for: esbuild@0.21.5 want: 0.21.5
336 silly placeDep ROOT @esbuild/linux-mips64el@0.21.5 OK for: esbuild@0.21.5 want: 0.21.5
337 silly placeDep ROOT @esbuild/linux-ppc64@0.21.5 OK for: esbuild@0.21.5 want: 0.21.5
338 silly placeDep ROOT @esbuild/linux-riscv64@0.21.5 OK for: esbuild@0.21.5 want: 0.21.5
339 silly placeDep ROOT @esbuild/linux-s390x@0.21.5 OK for: esbuild@0.21.5 want: 0.21.5
340 silly placeDep ROOT @esbuild/linux-x64@0.21.5 OK for: esbuild@0.21.5 want: 0.21.5
341 silly placeDep ROOT @esbuild/netbsd-x64@0.21.5 OK for: esbuild@0.21.5 want: 0.21.5
342 silly placeDep ROOT @esbuild/openbsd-x64@0.21.5 OK for: esbuild@0.21.5 want: 0.21.5
343 silly placeDep ROOT @esbuild/sunos-x64@0.21.5 OK for: esbuild@0.21.5 want: 0.21.5
344 silly placeDep ROOT @esbuild/win32-arm64@0.21.5 OK for: esbuild@0.21.5 want: 0.21.5
345 silly placeDep ROOT @esbuild/win32-ia32@0.21.5 OK for: esbuild@0.21.5 want: 0.21.5
346 silly placeDep ROOT @esbuild/win32-x64@0.21.5 OK for: esbuild@0.21.5 want: 0.21.5
347 silly placeDep ROOT nanoid@3.3.12 OK for: postcss@8.5.15 want: ^3.3.12
348 silly placeDep ROOT picocolors@1.1.1 OK for: postcss@8.5.15 want: ^1.1.1
349 silly placeDep ROOT source-map-js@1.2.1 OK for: postcss@8.5.15 want: ^1.2.1
350 silly placeDep ROOT @rollup/rollup-android-arm-eabi@4.62.0 OK for: rollup@4.62.0 want: 4.62.0
351 silly placeDep ROOT @rollup/rollup-android-arm64@4.62.0 OK for: rollup@4.62.0 want: 4.62.0
352 silly placeDep ROOT @rollup/rollup-darwin-arm64@4.62.0 OK for: rollup@4.62.0 want: 4.62.0
353 silly placeDep ROOT @rollup/rollup-darwin-x64@4.62.0 OK for: rollup@4.62.0 want: 4.62.0
354 silly placeDep ROOT @rollup/rollup-freebsd-arm64@4.62.0 OK for: rollup@4.62.0 want: 4.62.0
355 silly placeDep ROOT @rollup/rollup-freebsd-x64@4.62.0 OK for: rollup@4.62.0 want: 4.62.0
356 silly placeDep ROOT @rollup/rollup-linux-arm-gnueabihf@4.62.0 OK for: rollup@4.62.0 want: 4.62.0
357 silly placeDep ROOT @rollup/rollup-linux-arm-musleabihf@4.62.0 OK for: rollup@4.62.0 want: 4.62.0
358 silly placeDep ROOT @rollup/rollup-linux-arm64-gnu@4.62.0 OK for: rollup@4.62.0 want: 4.62.0
359 silly placeDep ROOT @rollup/rollup-linux-arm64-musl@4.62.0 OK for: rollup@4.62.0 want: 4.62.0
360 silly placeDep ROOT @rollup/rollup-linux-loong64-gnu@4.62.0 OK for: rollup@4.62.0 want: 4.62.0
361 silly placeDep ROOT @rollup/rollup-linux-loong64-musl@4.62.0 OK for: rollup@4.62.0 want: 4.62.0
362 silly placeDep ROOT @rollup/rollup-linux-ppc64-gnu@4.62.0 OK for: rollup@4.62.0 want: 4.62.0
363 silly placeDep ROOT @rollup/rollup-linux-ppc64-musl@4.62.0 OK for: rollup@4.62.0 want: 4.62.0
364 silly placeDep ROOT @rollup/rollup-linux-riscv64-gnu@4.62.0 OK for: rollup@4.62.0 want: 4.62.0
365 silly placeDep ROOT @rollup/rollup-linux-riscv64-musl@4.62.0 OK for: rollup@4.62.0 want: 4.62.0
366 silly placeDep ROOT @rollup/rollup-linux-s390x-gnu@4.62.0 OK for: rollup@4.62.0 want: 4.62.0
367 silly placeDep ROOT @rollup/rollup-linux-x64-gnu@4.62.0 OK for: rollup@4.62.0 want: 4.62.0
368 silly placeDep ROOT @rollup/rollup-linux-x64-musl@4.62.0 OK for: rollup@4.62.0 want: 4.62.0
369 silly placeDep ROOT @rollup/rollup-openbsd-x64@4.62.0 OK for: rollup@4.62.0 want: 4.62.0
370 silly placeDep ROOT @rollup/rollup-openharmony-arm64@4.62.0 OK for: rollup@4.62.0 want: 4.62.0
371 silly placeDep ROOT @rollup/rollup-win32-arm64-msvc@4.62.0 OK for: rollup@4.62.0 want: 4.62.0
372 silly placeDep ROOT @rollup/rollup-win32-ia32-msvc@4.62.0 OK for: rollup@4.62.0 want: 4.62.0
373 silly placeDep ROOT @rollup/rollup-win32-x64-gnu@4.62.0 OK for: rollup@4.62.0 want: 4.62.0
374 silly placeDep ROOT @rollup/rollup-win32-x64-msvc@4.62.0 OK for: rollup@4.62.0 want: 4.62.0
375 silly placeDep ROOT @types/estree@1.0.9 OK for: rollup@4.62.0 want: 1.0.9
376 silly reify moves {}
377 silly audit bulk request {
377 silly audit   '@types/three': [ '0.160.0' ],
377 silly audit   gsap: [ '3.15.0' ],
377 silly audit   three: [ '0.160.1' ],
377 silly audit   typescript: [ '5.9.3' ],
377 silly audit   vite: [ '5.4.21' ],
377 silly audit   '@types/stats.js': [ '0.17.4' ],
377 silly audit   '@types/webxr': [ '0.5.24' ],
377 silly audit   fflate: [ '0.6.10' ],
377 silly audit   meshoptimizer: [ '0.18.1' ],
377 silly audit   esbuild: [ '0.21.5' ],
377 silly audit   fsevents: [ '2.3.3' ],
377 silly audit   postcss: [ '8.5.15' ],
377 silly audit   rollup: [ '4.62.0' ],
377 silly audit   '@esbuild/aix-ppc64': [ '0.21.5' ],
377 silly audit   '@esbuild/android-arm': [ '0.21.5' ],
377 silly audit   '@esbuild/android-arm64': [ '0.21.5' ],
377 silly audit   '@esbuild/android-x64': [ '0.21.5' ],
377 silly audit   '@esbuild/darwin-arm64': [ '0.21.5' ],
377 silly audit   '@esbuild/darwin-x64': [ '0.21.5' ],
377 silly audit   '@esbuild/freebsd-arm64': [ '0.21.5' ],
377 silly audit   '@esbuild/freebsd-x64': [ '0.21.5' ],
377 silly audit   '@esbuild/linux-arm': [ '0.21.5' ],
377 silly audit   '@esbuild/linux-arm64': [ '0.21.5' ],
377 silly audit   '@esbuild/linux-ia32': [ '0.21.5' ],
377 silly audit   '@esbuild/linux-loong64': [ '0.21.5' ],
377 silly audit   '@esbuild/linux-mips64el': [ '0.21.5' ],
377 silly audit   '@esbuild/linux-ppc64': [ '0.21.5' ],
377 silly audit   '@esbuild/linux-riscv64': [ '0.21.5' ],
377 silly audit   '@esbuild/linux-s390x': [ '0.21.5' ],
377 silly audit   '@esbuild/linux-x64': [ '0.21.5' ],
377 silly audit   '@esbuild/netbsd-x64': [ '0.21.5' ],
377 silly audit   '@esbuild/openbsd-x64': [ '0.21.5' ],
377 silly audit   '@esbuild/sunos-x64': [ '0.21.5' ],
377 silly audit   '@esbuild/win32-arm64': [ '0.21.5' ],
377 silly audit   '@esbuild/win32-ia32': [ '0.21.5' ],
377 silly audit   '@esbuild/win32-x64': [ '0.21.5' ],
377 silly audit   nanoid: [ '3.3.12' ],
377 silly audit   picocolors: [ '1.1.1' ],
377 silly audit   'source-map-js': [ '1.2.1' ],
377 silly audit   '@rollup/rollup-android-arm-eabi': [ '4.62.0' ],
377 silly audit   '@rollup/rollup-android-arm64': [ '4.62.0' ],
377 silly audit   '@rollup/rollup-darwin-arm64': [ '4.62.0' ],
377 silly audit   '@rollup/rollup-darwin-x64': [ '4.62.0' ],
377 silly audit   '@rollup/rollup-freebsd-arm64': [ '4.62.0' ],
377 silly audit   '@rollup/rollup-freebsd-x64': [ '4.62.0' ],
377 silly audit   '@rollup/rollup-linux-arm-gnueabihf': [ '4.62.0' ],
377 silly audit   '@rollup/rollup-linux-arm-musleabihf': [ '4.62.0' ],
377 silly audit   '@rollup/rollup-linux-arm64-gnu': [ '4.62.0' ],
377 silly audit   '@rollup/rollup-linux-arm64-musl': [ '4.62.0' ],
377 silly audit   '@rollup/rollup-linux-loong64-gnu': [ '4.62.0' ],
377 silly audit   '@rollup/rollup-linux-loong64-musl': [ '4.62.0' ],
377 silly audit   '@rollup/rollup-linux-ppc64-gnu': [ '4.62.0' ],
377 silly audit   '@rollup/rollup-linux-ppc64-musl': [ '4.62.0' ],
377 silly audit   '@rollup/rollup-linux-riscv64-gnu': [ '4.62.0' ],
377 silly audit   '@rollup/rollup-linux-riscv64-musl': [ '4.62.0' ],
377 silly audit   '@rollup/rollup-linux-s390x-gnu': [ '4.62.0' ],
377 silly audit   '@rollup/rollup-linux-x64-gnu': [ '4.62.0' ],
377 silly audit   '@rollup/rollup-linux-x64-musl': [ '4.62.0' ],
377 silly audit   '@rollup/rollup-openbsd-x64': [ '4.62.0' ],
377 silly audit   '@rollup/rollup-openharmony-arm64': [ '4.62.0' ],
377 silly audit   '@rollup/rollup-win32-arm64-msvc': [ '4.62.0' ],
377 silly audit   '@rollup/rollup-win32-ia32-msvc': [ '4.62.0' ],
377 silly audit   '@rollup/rollup-win32-x64-gnu': [ '4.62.0' ],
377 silly audit   '@rollup/rollup-win32-x64-msvc': [ '4.62.0' ],
377 silly audit   '@types/estree': [ '1.0.9' ]
377 silly audit }
378 http cache @types/estree@https://registry.npmjs.org/@types/estree/-/estree-1.0.9.tgz 0ms (cache hit)
379 http cache @rollup/rollup-darwin-arm64@https://registry.npmjs.org/@rollup/rollup-darwin-arm64/-/rollup-darwin-arm64-4.62.0.tgz 0ms (cache hit)
380 http cache picocolors@https://registry.npmjs.org/picocolors/-/picocolors-1.1.1.tgz 0ms (cache hit)
381 http cache nanoid@https://registry.npmjs.org/nanoid/-/nanoid-3.3.12.tgz 0ms (cache hit)
382 http cache source-map-js@https://registry.npmjs.org/source-map-js/-/source-map-js-1.2.1.tgz 0ms (cache hit)
383 http cache rollup@https://registry.npmjs.org/rollup/-/rollup-4.62.0.tgz 0ms (cache hit)
384 http cache postcss@https://registry.npmjs.org/postcss/-/postcss-8.5.15.tgz 0ms (cache hit)
385 http cache fsevents@https://registry.npmjs.org/fsevents/-/fsevents-2.3.3.tgz 0ms (cache hit)
386 http cache fflate@https://registry.npmjs.org/fflate/-/fflate-0.6.10.tgz 0ms (cache hit)
387 http cache @esbuild/darwin-arm64@https://registry.npmjs.org/@esbuild/darwin-arm64/-/darwin-arm64-0.21.5.tgz 0ms (cache hit)
388 http cache meshoptimizer@https://registry.npmjs.org/meshoptimizer/-/meshoptimizer-0.18.1.tgz 0ms (cache hit)
389 http cache @types/webxr@https://registry.npmjs.org/@types/webxr/-/webxr-0.5.24.tgz 0ms (cache hit)
390 http cache esbuild@https://registry.npmjs.org/esbuild/-/esbuild-0.21.5.tgz 0ms (cache hit)
391 http cache vite@https://registry.npmjs.org/vite/-/vite-5.4.21.tgz 0ms (cache hit)
392 http cache typescript@https://registry.npmjs.org/typescript/-/typescript-5.9.3.tgz 0ms (cache hit)
393 http cache @types/stats.js@https://registry.npmjs.org/@types/stats.js/-/stats.js-0.17.4.tgz 0ms (cache hit)
394 silly tarball no local data for @types/estree@https://registry.npmjs.org/@types/estree/-/estree-1.0.9.tgz. Extracting by manifest.
395 silly tarball no local data for @rollup/rollup-darwin-arm64@https://registry.npmjs.org/@rollup/rollup-darwin-arm64/-/rollup-darwin-arm64-4.62.0.tgz. Extracting by manifest.
396 silly tarball no local data for picocolors@https://registry.npmjs.org/picocolors/-/picocolors-1.1.1.tgz. Extracting by manifest.
397 silly tarball no local data for nanoid@https://registry.npmjs.org/nanoid/-/nanoid-3.3.12.tgz. Extracting by manifest.
398 silly tarball no local data for source-map-js@https://registry.npmjs.org/source-map-js/-/source-map-js-1.2.1.tgz. Extracting by manifest.
399 silly tarball no local data for rollup@https://registry.npmjs.org/rollup/-/rollup-4.62.0.tgz. Extracting by manifest.
400 silly tarball no local data for postcss@https://registry.npmjs.org/postcss/-/postcss-8.5.15.tgz. Extracting by manifest.
401 silly tarball no local data for fsevents@https://registry.npmjs.org/fsevents/-/fsevents-2.3.3.tgz. Extracting by manifest.
402 silly tarball no local data for fflate@https://registry.npmjs.org/fflate/-/fflate-0.6.10.tgz. Extracting by manifest.
403 silly tarball no local data for @esbuild/darwin-arm64@https://registry.npmjs.org/@esbuild/darwin-arm64/-/darwin-arm64-0.21.5.tgz. Extracting by manifest.
404 silly tarball no local data for meshoptimizer@https://registry.npmjs.org/meshoptimizer/-/meshoptimizer-0.18.1.tgz. Extracting by manifest.
405 silly tarball no local data for @types/webxr@https://registry.npmjs.org/@types/webxr/-/webxr-0.5.24.tgz. Extracting by manifest.
406 silly tarball no local data for esbuild@https://registry.npmjs.org/esbuild/-/esbuild-0.21.5.tgz. Extracting by manifest.
407 silly tarball no local data for vite@https://registry.npmjs.org/vite/-/vite-5.4.21.tgz. Extracting by manifest.
408 silly tarball no local data for typescript@https://registry.npmjs.org/typescript/-/typescript-5.9.3.tgz. Extracting by manifest.
409 silly tarball no local data for @types/stats.js@https://registry.npmjs.org/@types/stats.js/-/stats.js-0.17.4.tgz. Extracting by manifest.
410 http cache three@https://registry.npmjs.org/three/-/three-0.160.1.tgz 0ms (cache hit)
411 http cache gsap@https://registry.npmjs.org/gsap/-/gsap-3.15.0.tgz 0ms (cache hit)
412 http cache @types/three@https://registry.npmjs.org/@types/three/-/three-0.160.0.tgz 0ms (cache hit)
413 silly tarball no local data for three@https://registry.npmjs.org/three/-/three-0.160.1.tgz. Extracting by manifest.
414 silly tarball no local data for gsap@https://registry.npmjs.org/gsap/-/gsap-3.15.0.tgz. Extracting by manifest.
415 silly tarball no local data for @types/three@https://registry.npmjs.org/@types/three/-/three-0.160.0.tgz. Extracting by manifest.
416 http fetch GET 200 https://registry.npmjs.org/nanoid/-/nanoid-3.3.12.tgz 46ms (cache miss)
417 http fetch GET 200 https://registry.npmjs.org/picocolors/-/picocolors-1.1.1.tgz 47ms (cache miss)
418 http fetch GET 200 https://registry.npmjs.org/fsevents/-/fsevents-2.3.3.tgz 46ms (cache miss)
419 http fetch GET 200 https://registry.npmjs.org/@types/estree/-/estree-1.0.9.tgz 70ms (cache miss)
420 http fetch GET 200 https://registry.npmjs.org/postcss/-/postcss-8.5.15.tgz 71ms (cache miss)
421 http fetch GET 200 https://registry.npmjs.org/@types/webxr/-/webxr-0.5.24.tgz 71ms (cache miss)
422 http fetch GET 200 https://registry.npmjs.org/source-map-js/-/source-map-js-1.2.1.tgz 73ms (cache miss)
423 http fetch GET 200 https://registry.npmjs.org/fflate/-/fflate-0.6.10.tgz 77ms (cache miss)
424 http fetch GET 200 https://registry.npmjs.org/meshoptimizer/-/meshoptimizer-0.18.1.tgz 80ms (cache miss)
425 http fetch GET 200 https://registry.npmjs.org/@types/stats.js/-/stats.js-0.17.4.tgz 93ms (cache miss)
426 http fetch POST 200 https://registry.npmjs.org/-/npm/v1/security/advisories/bulk 128ms
427 silly audit report {
427 silly audit report   vite: [
427 silly audit report     {
427 silly audit report       id: 1116229,
427 silly audit report       url: 'https://github.com/advisories/GHSA-4w7w-66w2-5vf9',
427 silly audit report       title: 'Vite Vulnerable to Path Traversal in Optimized Deps `.map` Handling',
427 silly audit report       severity: 'moderate',
427 silly audit report       vulnerable_versions: '<=6.4.1',
427 silly audit report       cwe: [Array],
427 silly audit report       cvss: [Object]
427 silly audit report     }
427 silly audit report   ],
427 silly audit report   esbuild: [
427 silly audit report     {
427 silly audit report       id: 1102341,
427 silly audit report       url: 'https://github.com/advisories/GHSA-67mh-4wv8-2f99',
427 silly audit report       title: 'esbuild enables any website to send any requests to the development server and read the response',
427 silly audit report       severity: 'moderate',
427 silly audit report       vulnerable_versions: '<=0.24.2',
427 silly audit report       cwe: [Array],
427 silly audit report       cvss: [Object]
427 silly audit report     },
427 silly audit report     {
427 silly audit report       id: 1120679,
427 silly audit report       url: 'https://github.com/advisories/GHSA-gv7w-rqvm-qjhr',
427 silly audit report       title: 'esbuild: Missing binary integrity verification in Deno module enables remote code execution via NPM_CONFIG_REGISTRY',
427 silly audit report       severity: 'high',
427 silly audit report       vulnerable_versions: '>=0.17.0 <0.28.1',
427 silly audit report       cwe: [Array],
427 silly audit report       cvss: [Object]
427 silly audit report     }
427 silly audit report   ]
427 silly audit report }
428 silly packumentCache corgi:https://registry.npmjs.org/vite cache-miss
429 silly packumentCache corgi:https://registry.npmjs.org/esbuild cache-miss
430 http fetch GET 200 https://registry.npmjs.org/esbuild/-/esbuild-0.21.5.tgz 132ms (cache miss)
431 http fetch GET 200 https://registry.npmjs.org/rollup/-/rollup-4.62.0.tgz 231ms (cache miss)
432 http fetch GET 200 https://registry.npmjs.org/@rollup/rollup-darwin-arm64/-/rollup-darwin-arm64-4.62.0.tgz 243ms (cache miss)
433 http fetch GET 200 https://registry.npmjs.org/vite 169ms (cache miss)
434 silly packumentCache corgi:https://registry.npmjs.org/vite set size:undefined disposed:false
435 http fetch GET 200 https://registry.npmjs.org/@types/three/-/three-0.160.0.tgz 393ms (cache miss)
436 http fetch GET 200 https://registry.npmjs.org/esbuild 288ms (cache miss)
437 silly packumentCache corgi:https://registry.npmjs.org/esbuild set size:undefined disposed:false
438 http fetch GET 200 https://registry.npmjs.org/@esbuild/darwin-arm64/-/darwin-arm64-0.21.5.tgz 505ms (cache miss)
439 http fetch GET 200 https://registry.npmjs.org/typescript/-/typescript-5.9.3.tgz 526ms (cache miss)
440 http fetch GET 200 https://registry.npmjs.org/gsap/-/gsap-3.15.0.tgz 541ms (cache miss)
441 http fetch GET 200 https://registry.npmjs.org/vite/-/vite-5.4.21.tgz 551ms (cache miss)
442 http fetch GET 200 https://registry.npmjs.org/three/-/three-0.160.1.tgz 1434ms (cache miss)
443 info run fsevents@2.3.3 install node_modules/fsevents node-gyp rebuild
444 info run fsevents@2.3.3 install { code: 1, signal: null }
445 verbose reify failed optional dependency /Users/evangeline.bangsil/Desktop/All projects/software projects/real projects/library/The-Animus-Library/node_modules/fsevents
446 silly reify mark deleted [
446 silly reify   '/Users/evangeline.bangsil/Desktop/All projects/software projects/real projects/library/The-Animus-Library/node_modules/fsevents'
446 silly reify ]
447 info run esbuild@0.21.5 postinstall node_modules/esbuild node install.js
448 info run esbuild@0.21.5 postinstall { code: 0, signal: null }
449 silly ADD node_modules/@types/estree
450 silly ADD node_modules/@rollup/rollup-darwin-arm64
451 silly ADD node_modules/source-map-js
452 silly ADD node_modules/picocolors
453 silly ADD node_modules/nanoid
454 silly ADD node_modules/@esbuild/darwin-arm64
455 silly ADD node_modules/rollup
456 silly ADD node_modules/postcss
457 silly ADD
458 silly ADD node_modules/esbuild
459 silly ADD node_modules/meshoptimizer
460 silly ADD node_modules/fflate
461 silly ADD node_modules/@types/webxr
462 silly ADD node_modules/@types/stats.js
463 silly ADD node_modules/vite
464 silly ADD node_modules/typescript
465 silly ADD node_modules/three
466 silly ADD node_modules/gsap
467 silly ADD node_modules/@types/three
468 verbose cwd /Users/evangeline.bangsil/Desktop/All projects/software projects/real projects/library/The-Animus-Library
469 verbose os Darwin 25.5.0
470 verbose node v24.12.0
471 verbose npm  v11.6.2
472 notice
472 notice New minor version of npm available! 11.6.2 -> 11.17.0
472 notice Changelog: https://github.com/npm/cli/releases/tag/v11.17.0
472 notice To update run: npm install -g npm@11.17.0
472 notice  { force: true, Symbol(proc-log.meta): true }
473 verbose exit 0
474 info ok
